#-----------------------------------------------------------
# Vivado v2019.2 (64-bit)
# SW Build 2708876 on Wed Nov  6 21:40:23 MST 2019
# IP Build 2700528 on Thu Nov  7 00:09:20 MST 2019
# Start of session at: Thu Nov 12 17:53:57 2020
# Process ID: 844
# Current directory: C:/Users/fanqi/Documents/GitHub/DynamicBranchPrediction/src/xpr
# Command line: vivado.exe -gui_launcher_event rodinguilauncherevent6036 C:\Users\fanqi\Documents\GitHub\DynamicBranchPrediction\src\xpr\lab_4.xpr
# Log file: C:/Users/fanqi/Documents/GitHub/DynamicBranchPrediction/src/xpr/vivado.log
# Journal file: C:/Users/fanqi/Documents/GitHub/DynamicBranchPrediction/src/xpr\vivado.jou
#-----------------------------------------------------------
start_gui
open_project C:/Users/fanqi/Documents/GitHub/DynamicBranchPrediction/src/xpr/lab_4.xpr
update_compile_order -fileset sources_1
launch_simulation
open_wave_config C:/Users/fanqi/Documents/GitHub/DynamicBranchPrediction/src/xpr/testbench_behav.wcfg
source testbench.tcl
close_sim
